Removed Pin From Net: NetName=VDRAIN Pin=C?-2
Removed Pin From Net: NetName=NetC16_2 Pin=D3-1
Removed Pin From Net: NetName=SPB Pin=R?-2
Removed Member From Class: ClassName=Gate Drive Member=C1
Removed Member From Class: ClassName=USB Member=C1
Removed Member From Class: ClassName=MCU Member=D1
Removed Member From Class: ClassName=Sensors Member=D1
Removed Member From Class: ClassName=USB Member=D1
Removed Member From Class: ClassName=CAN Member=R4
Removed Member From Class: ClassName=Gate Drive Member=R4
Removed Member From Class: ClassName=Sensors Member=R4
Removed Member From Class: ClassName=USB Member=R4
Removed Member From Class: ClassName=CAN Member=U3
Change Footprint: Footprint Not Found WFCP06121L000FE66
Change Component Designator: OldDesignator=R? NewDesignator=R21
Add component: Footprint Not Found CAPPRD500W65D1000H2200
Add component: Footprint Not Found SODFL3616X98N
Add component: Footprint Not Found SOT65P210X110-6N
Add component: Footprint Not Found INDPM6054X300N
Add component: Footprint Not Found WFCP06121L000FE66
Add component: Footprint Not Found WFCP06121L000FE66
Add Pin To Net: Unknown Pin: Pin C29-1
Add Pin To Net: Unknown Pin: Pin C29-2
Added Pin To Net: NetName=+3V3 Pin=C?-2
Add Pin To Net: Unknown Pin: Pin D2-1
Add Pin To Net: Unknown Pin: Pin D2-2
Added Pin To Net: NetName=NetC?_2 Pin=D3-1
Add Pin To Net: Unknown Pin: Pin IC1-2
Add Pin To Net: Unknown Pin: Pin IC1-3
Add Pin To Net: Unknown Pin: Pin IC1-4
Add Pin To Net: Unknown Pin: Pin IC1-5
Add Pin To Net: Unknown Pin: Pin IC1-6
Add Pin To Net: Unknown Pin: Pin L1-1
Add Pin To Net: Unknown Pin: Pin L1-2
Add Pin To Net: Unknown Pin: Pin R19-1
Add Pin To Net: Unknown Pin: Pin R19-2
Add Pin To Net: Unknown Pin: Pin R20-1
Add Pin To Net: Unknown Pin: Pin R20-2
Added Pin To Net: NetName=ADC1 IN4 / COMP2 INP Pin=R?-2
Add Net: Net with name "CAN_RX" already exists
Add Net: Net with name "CAN_TX" already exists
Add Net: Net with name "NetD?_2" already exists
Add Net: Net with name "NetD?_2" already exists
Add Net: Net with name "PHASE A" already exists
Added Member To Class: ClassName=MCU Member=Component C6 1uF X7R 25V 0603
Add Class Member: Failed to add class member : Component C29 470uF 20% 50V 10mm
Added Member To Class: ClassName=USB Member=Component C? C1608X5R1H105K080AB
Added Member To Class: ClassName=USB Member=Component C? C1608X5R1H105K080AB
Add Class Member: Failed to add class member : Component D2 NRVB120VLSFT1G
Added Member To Class: ClassName=Sensors Member=Component D? BAT30KFILM
Added Member To Class: ClassName=Sensors Member=Component D? BAT30KFILM
Added Member To Class: ClassName=Sensors Member=Component D? BAT30KFILM
Added Member To Class: ClassName=Sensors Member=Component D? BAT30KFILM
Added Member To Class: ClassName=Sensors Member=Component D? BAT30KFILM
Added Member To Class: ClassName=Sensors Member=Component D? BAT30KFILM
Added Member To Class: ClassName=USB Member=Component D? PESD3V3Y1BSFYL
Add Class Member: Failed to add class member : Component IC1 74LVC1G3157GW-Q10H
Add Class Member: Failed to add class member : Component L1 22uH 1.7A_sat
Added Member To Class: ClassName=MCU Member=Component LED1 ORANGE
Add Class Member: Failed to add class member : Component R19 1mO 1% 2W 0612
Add Class Member: Failed to add class member : Component R20 1mO 1% 2W 0612
Added Member To Class: ClassName=Gate Drive Member=Component R21 1mO 1% 2W 0612
Added Member To Class: ClassName=CAN Member=Component R? 120 O 0.1% 0603
Added Member To Class: ClassName=Sensors Member=Component R? 10kO 1% 0603
Added Member To Class: ClassName=Sensors Member=Component R? RK73B1ETTP332J
Added Member To Class: ClassName=Sensors Member=Component R? RC0402FR-07100KL
Added Member To Class: ClassName=Sensors Member=Component R? 2.2kO 1% 0603
Added Member To Class: ClassName=Sensors Member=Component R? RC0402FR-07100KL
Added Member To Class: ClassName=Sensors Member=Component R? 2.2kO 1% 0603
Added Member To Class: ClassName=Sensors Member=Component R? RC0402FR-07100KL
Added Member To Class: ClassName=Sensors Member=Component R? RK73B1ETTP332J
Added Member To Class: ClassName=Sensors Member=Component R? RC0402FR-07100KL
Added Member To Class: ClassName=Sensors Member=Component R? RC0402FR-07100KL
Added Member To Class: ClassName=Sensors Member=Component R? 2.2kO 1% 0603
Added Member To Class: ClassName=Sensors Member=Component R? RK73B1ETTP332J
Added Member To Class: ClassName=Sensors Member=Component R? RC0402FR-07100KL
Added Member To Class: ClassName=Sensors Member=Component R? 10kO 1% 0603
Added Member To Class: ClassName=Sensors Member=Component R? 10kO 1% 0603
Added Member To Class: ClassName=USB Member=Component R? RN73R1ETTP5101F25
Added Member To Class: ClassName=USB Member=Component R? RN73R1ETTP5101F25
Added Member To Class: ClassName=CAN Member=Component U? TCAN334DCNR
