Removed Pin From Net: NetName=NetC?_1 Pin=C?-1
Removed Pin From Net: NetName=NetC?_1 Pin=R?-1
Removed Pin From Net: NetName=NetR?_1 Pin=R?-1
Removed Pin From Net: NetName=PHASE A Pin=R?-1
Removed Pin From Net: NetName=SPC Pin=R?-2
Removed Pin From Net: NetName=BEMF_A Pin=U1-12
Removed Pin From Net: NetName=Fault Pin=U1-14
Removed Pin From Net: NetName=BEMF_B Pin=U1-16
Removed Pin From Net: NetName=BEMF_C Pin=U1-24
Removed Pin From Net: NetName=Enable Pin=U1-25
Removed Pin From Net: NetName=GPIO_BEMF Pin=U1-43
Added Component: Designator=C?(FP-0603B104K500CT-IPC_C)
Add component (AddParameter): Name = "Capacitance"; Value = "100nF"; VariantName = "[No Variations]"
Add component (AddParameter): Name = "Case Code (Imperial)"; Value = "0603"; VariantName = "[No Variations]"
Add component (AddParameter): Name = "Case Code (Metric)"; Value = "1608"; VariantName = "[No Variations]"
Add component (AddParameter): Name = "Case/Package"; Value = "0603"; VariantName = "[No Variations]"
Add component (AddParameter): Name = "Depth"; Value = "0.8mm"; VariantName = "[No Variations]"
Add component (AddParameter): Name = "Dielectric"; Value = "X7R"; VariantName = "[No Variations]"
Add component (AddParameter): Name = "Lead Free"; Value = "Lead Free"; VariantName = "[No Variations]"
Add component (AddParameter): Name = "Length"; Value = "1.6mm"; VariantName = "[No Variations]"
Add component (AddParameter): Name = "Max Operating Temperature"; Value = "125°C"; VariantName = "[No Variations]"
Add component (AddParameter): Name = "Min Operating Temperature"; Value = "-55°C"; VariantName = "[No Variations]"
Add component (AddParameter): Name = "Packaging"; Value = "Tape and Reel"; VariantName = "[No Variations]"
Add component (AddParameter): Name = "Radiation Hardening"; Value = "No"; VariantName = "[No Variations]"
Add component (AddParameter): Name = "RoHS Compliant"; Value = "Yes"; VariantName = "[No Variations]"
Add component (AddParameter): Name = "Series"; Value = "-"; VariantName = "[No Variations]"
Add component (AddParameter): Name = "Tolerance"; Value = "10%"; VariantName = "[No Variations]"
Add component (AddParameter): Name = "Voltage Rating"; Value = "50V"; VariantName = "[No Variations]"
Add component (AddParameter): Name = "Voltage Rating (DC)"; Value = "50V"; VariantName = "[No Variations]"
Add component: Footprint Not Found CAPPRD500W65D1000H2200
Add component: Footprint Not Found SODFL3616X98N
Add component: Footprint Not Found SOT65P210X110-6N
Add component: Footprint Not Found SAMTEC_FTSH-107-01-F-DV-K-P-TR
Add component: Footprint Not Found INDPM6054X300N
Added Component: Designator=Q1(POWERFLAT_5X6_C_STM)
Add component (AddParameter): Name = "Copyright"; Value = "Copyright (C) 2026 Ultra Librarian. All rights reserved."; VariantName = "[No Variations]"
Add component (AddParameter): Name = "Datasheet"; Value = "https://www.st.com/resource/en/datasheet/stl130n6f7.pdf"; VariantName = "[No Variations]"
Add component (AddParameter): Name = "Manufacturer_Name"; Value = "STMicroelectronics"; VariantName = "[No Variations]"
Add component (AddParameter): Name = "Manufacturer_Part_Number"; Value = "STL130N6F7"; VariantName = "[No Variations]"
Add component (AddParameter): Name = "RefDes"; Value = "RefDes"; VariantName = "[No Variations]"
Add component (AddParameter): Name = "Type"; Value = "Type"; VariantName = "[No Variations]"
Added Component: Designator=Q2(POWERFLAT_5X6_C_STM)
Add component (AddParameter): Name = "Copyright"; Value = "Copyright (C) 2026 Ultra Librarian. All rights reserved."; VariantName = "[No Variations]"
Add component (AddParameter): Name = "Datasheet"; Value = "https://www.st.com/resource/en/datasheet/stl130n6f7.pdf"; VariantName = "[No Variations]"
Add component (AddParameter): Name = "Manufacturer_Name"; Value = "STMicroelectronics"; VariantName = "[No Variations]"
Add component (AddParameter): Name = "Manufacturer_Part_Number"; Value = "STL130N6F7"; VariantName = "[No Variations]"
Add component (AddParameter): Name = "RefDes"; Value = "RefDes"; VariantName = "[No Variations]"
Add component (AddParameter): Name = "Type"; Value = "Type"; VariantName = "[No Variations]"
Added Component: Designator=Q3(POWERFLAT_5X6_C_STM)
Add component (AddParameter): Name = "Copyright"; Value = "Copyright (C) 2026 Ultra Librarian. All rights reserved."; VariantName = "[No Variations]"
Add component (AddParameter): Name = "Datasheet"; Value = "https://www.st.com/resource/en/datasheet/stl130n6f7.pdf"; VariantName = "[No Variations]"
Add component (AddParameter): Name = "Manufacturer_Name"; Value = "STMicroelectronics"; VariantName = "[No Variations]"
Add component (AddParameter): Name = "Manufacturer_Part_Number"; Value = "STL130N6F7"; VariantName = "[No Variations]"
Add component (AddParameter): Name = "RefDes"; Value = "RefDes"; VariantName = "[No Variations]"
Add component (AddParameter): Name = "Type"; Value = "Type"; VariantName = "[No Variations]"
Added Component: Designator=Q4(POWERFLAT_5X6_C_STM)
Add component (AddParameter): Name = "Copyright"; Value = "Copyright (C) 2026 Ultra Librarian. All rights reserved."; VariantName = "[No Variations]"
Add component (AddParameter): Name = "Datasheet"; Value = "https://www.st.com/resource/en/datasheet/stl130n6f7.pdf"; VariantName = "[No Variations]"
Add component (AddParameter): Name = "Manufacturer_Name"; Value = "STMicroelectronics"; VariantName = "[No Variations]"
Add component (AddParameter): Name = "Manufacturer_Part_Number"; Value = "STL130N6F7"; VariantName = "[No Variations]"
Add component (AddParameter): Name = "RefDes"; Value = "RefDes"; VariantName = "[No Variations]"
Add component (AddParameter): Name = "Type"; Value = "Type"; VariantName = "[No Variations]"
Added Component: Designator=Q5(POWERFLAT_5X6_C_STM)
Add component (AddParameter): Name = "Copyright"; Value = "Copyright (C) 2026 Ultra Librarian. All rights reserved."; VariantName = "[No Variations]"
Add component (AddParameter): Name = "Datasheet"; Value = "https://www.st.com/resource/en/datasheet/stl130n6f7.pdf"; VariantName = "[No Variations]"
Add component (AddParameter): Name = "Manufacturer_Name"; Value = "STMicroelectronics"; VariantName = "[No Variations]"
Add component (AddParameter): Name = "Manufacturer_Part_Number"; Value = "STL130N6F7"; VariantName = "[No Variations]"
Add component (AddParameter): Name = "RefDes"; Value = "RefDes"; VariantName = "[No Variations]"
Add component (AddParameter): Name = "Type"; Value = "Type"; VariantName = "[No Variations]"
Added Component: Designator=Q6(POWERFLAT_5X6_C_STM)
Add component (AddParameter): Name = "Copyright"; Value = "Copyright (C) 2026 Ultra Librarian. All rights reserved."; VariantName = "[No Variations]"
Add component (AddParameter): Name = "Datasheet"; Value = "https://www.st.com/resource/en/datasheet/stl130n6f7.pdf"; VariantName = "[No Variations]"
Add component (AddParameter): Name = "Manufacturer_Name"; Value = "STMicroelectronics"; VariantName = "[No Variations]"
Add component (AddParameter): Name = "Manufacturer_Part_Number"; Value = "STL130N6F7"; VariantName = "[No Variations]"
Add component (AddParameter): Name = "RefDes"; Value = "RefDes"; VariantName = "[No Variations]"
Add component (AddParameter): Name = "Type"; Value = "Type"; VariantName = "[No Variations]"
Added Component: Designator=R?(RESC1005X40X25NL05T10)
Add component (AddParameter): Name = "Manufacturer"; Value = "Yageo / Phycomp"; VariantName = "[No Variations]"
Add component (AddParameter): Name = "Part Number"; Value = "RC0402FR-07100KL"; VariantName = "[No Variations]"
Added Component: Designator=R?(RESC1005X40X25NL05T10)
Add component (AddParameter): Name = "Manufacturer"; Value = "Yageo / Phycomp"; VariantName = "[No Variations]"
Add component (AddParameter): Name = "Part Number"; Value = "RC0402FR-07100KL"; VariantName = "[No Variations]"
Added Component: Designator=R?(RESC1005X40X25NL05T10)
Add component (AddParameter): Name = "Manufacturer"; Value = "Yageo / Phycomp"; VariantName = "[No Variations]"
Add component (AddParameter): Name = "Part Number"; Value = "RC0402FR-07100KL"; VariantName = "[No Variations]"
Added Component: Designator=R?(RESC1005X40X25ML10T10)
Add component (AddParameter): Name = "Manufacturer"; Value = "KOA Speer"; VariantName = "[No Variations]"
Add component (AddParameter): Name = "Part Number"; Value = "RK73B1ETTP332J"; VariantName = "[No Variations]"
Added Component: Designator=R?(RESC1005X40X25ML10T10)
Add component (AddParameter): Name = "Manufacturer"; Value = "KOA Speer"; VariantName = "[No Variations]"
Add component (AddParameter): Name = "Part Number"; Value = "RK73B1ETTP332J"; VariantName = "[No Variations]"
Added Component: Designator=R?(RESC1005X40X25NL05T10)
Add component (AddParameter): Name = "Manufacturer"; Value = "Yageo / Phycomp"; VariantName = "[No Variations]"
Add component (AddParameter): Name = "Part Number"; Value = "RC0402FR-07100KL"; VariantName = "[No Variations]"
Add component: Footprint Not Found WFCP06121L000FE66
Add component: Footprint Not Found WFCP06121L000FE66
Add component: Footprint Not Found WFCP06121L000FE66
Added Component: Designator=R?(RESC1005X40X25NL05T10)
Add component (AddParameter): Name = "Manufacturer"; Value = "Yageo / Phycomp"; VariantName = "[No Variations]"
Add component (AddParameter): Name = "Part Number"; Value = "RC0402FR-07100KL"; VariantName = "[No Variations]"
Added Component: Designator=R?(RESC1005X40X25NL05T10)
Add component (AddParameter): Name = "Manufacturer"; Value = "Yageo / Phycomp"; VariantName = "[No Variations]"
Add component (AddParameter): Name = "Part Number"; Value = "RC0402FR-07100KL"; VariantName = "[No Variations]"
Added Component: Designator=R?(RESC1005X40X25ML10T10)
Add component (AddParameter): Name = "Manufacturer"; Value = "KOA Speer"; VariantName = "[No Variations]"
Add component (AddParameter): Name = "Part Number"; Value = "RK73B1ETTP332J"; VariantName = "[No Variations]"
Added Pin To Net: NetName=AGND Pin=C?-1
Added Pin To Net: NetName=NetC?_1 Pin=C?-1
Added Pin To Net: NetName=+3V3 Pin=C?-2
Added Pin To Net: NetName=NetC?_1 Pin=C?-2
Added Pin To Net: NetName=VDRAIN Pin=C?-2
Added Pin To Net: NetName=+5V Pin=D?-1
Added Pin To Net: NetName=NetD?_2 Pin=D?-2
Added Pin To Net: NetName=NetC?_1 Pin=FB1-1
Add Pin To Net: Unknown Pin: Pin IC?-2
Add Pin To Net: Unknown Pin: Pin IC?-3
Add Pin To Net: Unknown Pin: Pin IC?-4
Add Pin To Net: Unknown Pin: Pin IC?-5
Add Pin To Net: Unknown Pin: Pin IC?-6
Add Pin To Net: Unknown Pin: Pin J3-03
Add Pin To Net: Unknown Pin: Pin J3-04
Add Pin To Net: Unknown Pin: Pin J3-05
Add Pin To Net: Unknown Pin: Pin J3-06
Add Pin To Net: Unknown Pin: Pin J3-07
Add Pin To Net: Unknown Pin: Pin J3-11
Add Pin To Net: Unknown Pin: Pin J3-12
Add Pin To Net: Unknown Pin: Pin L?-1
Add Pin To Net: Unknown Pin: Pin L?-2
Added Pin To Net: NetName=PHASE A Pin=Q1-1
Added Pin To Net: NetName=PHASE A Pin=Q1-2
Added Pin To Net: NetName=PHASE A Pin=Q1-3
Added Pin To Net: NetName=GHA Pin=Q1-4
Added Pin To Net: NetName=VDRAIN Pin=Q1-5
Added Pin To Net: NetName=VDRAIN Pin=Q1-6
Added Pin To Net: NetName=VDRAIN Pin=Q1-7
Added Pin To Net: NetName=VDRAIN Pin=Q1-8
Added Pin To Net: NetName=SPA Pin=Q2-1
Added Pin To Net: NetName=SPA Pin=Q2-2
Added Pin To Net: NetName=SPA Pin=Q2-3
Added Pin To Net: NetName=GLA Pin=Q2-4
Added Pin To Net: NetName=PHASE A Pin=Q2-5
Added Pin To Net: NetName=PHASE A Pin=Q2-6
Added Pin To Net: NetName=PHASE A Pin=Q2-7
Added Pin To Net: NetName=PHASE A Pin=Q2-8
Added Pin To Net: NetName=PHASE B Pin=Q3-1
Added Pin To Net: NetName=PHASE B Pin=Q3-2
Added Pin To Net: NetName=PHASE B Pin=Q3-3
Added Pin To Net: NetName=GHB Pin=Q3-4
Added Pin To Net: NetName=VDRAIN Pin=Q3-5
Added Pin To Net: NetName=VDRAIN Pin=Q3-6
Added Pin To Net: NetName=VDRAIN Pin=Q3-7
Added Pin To Net: NetName=VDRAIN Pin=Q3-8
Added Pin To Net: NetName=SPB Pin=Q4-1
Added Pin To Net: NetName=SPB Pin=Q4-2
Added Pin To Net: NetName=SPB Pin=Q4-3
Added Pin To Net: NetName=GLB Pin=Q4-4
Added Pin To Net: NetName=PHASE B Pin=Q4-5
Added Pin To Net: NetName=PHASE B Pin=Q4-6
Added Pin To Net: NetName=PHASE B Pin=Q4-7
Added Pin To Net: NetName=PHASE B Pin=Q4-8
Added Pin To Net: NetName=PHASE C Pin=Q5-1
Added Pin To Net: NetName=PHASE C Pin=Q5-2
Added Pin To Net: NetName=PHASE C Pin=Q5-3
Added Pin To Net: NetName=GHC Pin=Q5-4
Added Pin To Net: NetName=VDRAIN Pin=Q5-5
Added Pin To Net: NetName=VDRAIN Pin=Q5-6
Added Pin To Net: NetName=VDRAIN Pin=Q5-7
Added Pin To Net: NetName=VDRAIN Pin=Q5-8
Added Pin To Net: NetName=SPC Pin=Q6-1
Added Pin To Net: NetName=SPC Pin=Q6-2
Added Pin To Net: NetName=SPC Pin=Q6-3
Added Pin To Net: NetName=GLC Pin=Q6-4
Added Pin To Net: NetName=PHASE C Pin=Q6-5
Added Pin To Net: NetName=PHASE C Pin=Q6-6
Added Pin To Net: NetName=PHASE C Pin=Q6-7
Added Pin To Net: NetName=PHASE C Pin=Q6-8
Added Pin To Net: NetName=AGND Pin=R?-1
Added Pin To Net: NetName=AGND Pin=R?-1
Added Pin To Net: NetName=AGND Pin=R?-1
Added Pin To Net: NetName=NetR?_1 Pin=R?-1
Added Pin To Net: NetName=AGND Pin=R?-2
Added Pin To Net: NetName=NetR?_1 Pin=R?-2
Added Pin To Net: NetName=NetR?_1 Pin=R?-2
Added Pin To Net: NetName=PHASE_B Pin=R?-2
Added Pin To Net: NetName=PHASE_C Pin=R?-2
Added Pin To Net: NetName=SPA Pin=R?-2
Added Pin To Net: NetName=SPB Pin=R?-2
Added Pin To Net: NetName=SPC Pin=R?-2
Added Pin To Net: NetName=NetC?_1 Pin=U1-20
Added Pin To Net: NetName=NetC?_1 Pin=U1-21
Added Pin To Net: NetName=Enable Pin=U1-26
Added Pin To Net: NetName=SDO Pin=U1-40
Added Pin To Net: NetName=SCLK Pin=U1-41
Added Pin To Net: NetName=SDI Pin=U1-43
Added Pin To Net: NetName=PHASE A Pin=U2-9
Added Pin To Net: NetName=+3V3 Pin=U?-5
Change Net Name : Old Net Name=+5 New Net Name=NetC?_2
Added Pin To Net: NetName=ADC1 IN2 / COMP1 INP Pin=R?-1
Added Pin To Net: NetName=ADC1 IN2 / COMP1 INP Pin=R?-2
Added Pin To Net: NetName=ADC1 IN2 / COMP1 INP Pin=R?-2
Added Pin To Net: NetName=ADC1 IN2 / COMP1 INP Pin=U1-9
Added Net: Name=ADC1 IN2 / COMP1 INP
Added Pin To Net: NetName=ADC1 IN4 / COMP2 INP Pin=R?-1
Added Pin To Net: NetName=ADC1 IN4 / COMP2 INP Pin=R?-2
Added Pin To Net: NetName=ADC1 IN4 / COMP2 INP Pin=R?-2
Added Pin To Net: NetName=ADC1 IN4 / COMP2 INP Pin=U1-11
Added Net: Name=ADC1 IN4 / COMP2 INP
Added Pin To Net: NetName=ADC1 IN5 Pin=C?-2
Added Pin To Net: NetName=ADC1 IN5 Pin=R?-1
Added Pin To Net: NetName=ADC1 IN5 Pin=U1-27
Added Net: Name=ADC1 IN5
Added Pin To Net: NetName=ADC1 IN11 Pin=C?-2
Added Pin To Net: NetName=ADC1 IN11 Pin=R?-1
Added Pin To Net: NetName=ADC1 IN11 Pin=R?-2
Added Pin To Net: NetName=ADC1 IN11 Pin=U1-25
Added Net: Name=ADC1 IN11
Added Pin To Net: NetName=ADC1 IN15 / COMP4 INP Pin=R?-1
Added Pin To Net: NetName=ADC1 IN15 / COMP4 INP Pin=R?-2
Added Pin To Net: NetName=ADC1 IN15 / COMP4 INP Pin=R?-2
Added Pin To Net: NetName=ADC1 IN15 / COMP4 INP Pin=U1-17
Added Net: Name=ADC1 IN15 / COMP4 INP
Added Pin To Net: NetName=ADC2_IN3 Pin=C?-1
Added Pin To Net: NetName=ADC2_IN3 Pin=R?-1
Added Pin To Net: NetName=ADC2_IN3 Pin=U1-14
Added Net: Name=ADC2_IN3
Added Pin To Net: NetName=ADC2_IN4 Pin=C?-1
Added Pin To Net: NetName=ADC2_IN4 Pin=R?-1
Added Pin To Net: NetName=ADC2_IN4 Pin=U1-15
Added Net: Name=ADC2_IN4
Added Pin To Net: NetName=ADC2_IN5 Pin=C?-2
Added Pin To Net: NetName=ADC2_IN5 Pin=R?-1
Added Pin To Net: NetName=ADC2_IN5 Pin=U1-16
Added Net: Name=ADC2_IN5
Added Pin To Net: NetName=BEMF_COM Pin=R?-1
Added Pin To Net: NetName=BEMF_COM Pin=R?-1
Added Pin To Net: NetName=BEMF_COM Pin=R?-1
Added Net: Name=BEMF_COM
Add Net: Net with name "CAN_RX" already exists
Add Net: Net with name "CAN_TX" already exists
Add Net: Net with name "NetC?_1" already exists
Add Net: Net with name "NetC?_1" already exists
Add Net: Net with name "NetC?_2" already exists
Add Net: Net with name "NetC?_2" already exists
Add Net: Net with name "NetC?_2" already exists
Add Net: Net with name "NetD?_1" already exists
Add Net: Net with name "NetD?_1" already exists
Add Net: Net with name "NetD?_2" already exists
Add Net: Net with name "NetD?_2" already exists
Add Net: Net with name "NetD?_2" already exists
Add Net: Net with name "NetR?_1" already exists
Add Net: Net with name "NetR?_1" already exists
Add Net: Net with name "NetR?_1" already exists
Add Net: Net with name "PHASE A" already exists
Added Pin To Net: NetName=UART1 RX Pin=U1-45
Added Net: Name=UART1 RX
Added Pin To Net: NetName=UART1 TX Pin=U1-44
Added Net: Name=UART1 TX
Added Member To Class: ClassName=CAN Member=Component C? 0.1uF 25V X7R 0603
Added Member To Class: ClassName=Gate Drive Member=Component C? 10uF X5R 50V 0805
Added Member To Class: ClassName=Gate Drive Member=Component C? 47nF X7R 25V 0603
Added Member To Class: ClassName=Gate Drive Member=Component C? 470uF 20% 50V 10mm
Added Member To Class: ClassName=Gate Drive Member=Component C? 1uF X7R 6.3V 0402
Added Member To Class: ClassName=Gate Drive Member=Component C? 0.1uF X7R 50V 0603
Added Member To Class: ClassName=Gate Drive Member=Component C? 0.1uF X7R 50V 0603
Added Member To Class: ClassName=Gate Drive Member=Component C? 1uF X7R 16 V 0805
Added Member To Class: ClassName=Gate Drive Member=Component C? 0.1uF X7R 50V 0603
Added Member To Class: ClassName=Gate Drive Member=Component C? 4.7uF X7R 50V 0805
Added Member To Class: ClassName=Gate Drive Member=Component C? 1uF X7R 25V 0805
Added Member To Class: ClassName=Gate Drive Member=Component C? 4.7uF X7R 50V 0805
Added Member To Class: ClassName=Gate Drive Member=Component C? 0.1uF X7R 50V 0603
Added Member To Class: ClassName=Gate Drive Member=Component C? 22uF X7R 10V 0805
Added Member To Class: ClassName=Gate Drive Member=Component C? 0.1uF X7R 50V 0603
Added Member To Class: ClassName=MCU Member=Component C? 1uF X7R 25V 0603
Added Member To Class: ClassName=MCU Member=Component C? 100nF 0402
Added Member To Class: ClassName=MCU Member=Component C? 0.1uF 25V X7R 0603
Added Member To Class: ClassName=MCU Member=Component C? 0.1uF 25V X7R 0603
Added Member To Class: ClassName=MCU Member=Component C? 1nF 50V X7R 0603
Added Member To Class: ClassName=MCU Member=Component C? 1nF 50V X7R 0603
Added Member To Class: ClassName=MCU Member=Component C? 0.1uF 25V X7R 0603
Added Member To Class: ClassName=MCU Member=Component C? 4.7uF 16V X7R 0603
Added Member To Class: ClassName=MCU Member=Component C? 10nF C0G 25V 0603
Added Member To Class: ClassName=Sensors Member=Component C? 0.1uF X7R 50V 0603
Added Member To Class: ClassName=USB Member=Component C? C1608X5R1H105K080AB
Added Member To Class: ClassName=MCU Member=Component D? BLUE
Added Member To Class: ClassName=MCU Member=Component D? GREEN
Added Member To Class: ClassName=Sensors Member=Component D? BAT30KFILM
Added Member To Class: ClassName=Sensors Member=Component D? BAT30KFILM
Added Member To Class: ClassName=Sensors Member=Component D? BAT30KFILM
Added Member To Class: ClassName=Sensors Member=Component D? BAT30KFILM
Added Member To Class: ClassName=Sensors Member=Component D? BAT30KFILM
Added Member To Class: ClassName=USB Member=Component D? NSR0320MW2T1G
Add Class Member: Failed to add class member : Component IC? 74LVC1G3157GW-Q10H
Add Class Member: Failed to add class member : Component J3 FTSH-107-01-F-DV-K-P-TR
Add Class Member: Failed to add class member : Component L? 22uH 1.7A_sat
Added Member To Class: ClassName=Gate Drive Member=Component Q1 STL130N6F7
Added Member To Class: ClassName=Gate Drive Member=Component Q2 STL130N6F7
Added Member To Class: ClassName=Gate Drive Member=Component Q3 STL130N6F7
Added Member To Class: ClassName=Gate Drive Member=Component Q4 STL130N6F7
Added Member To Class: ClassName=Gate Drive Member=Component Q5 STL130N6F7
Added Member To Class: ClassName=Gate Drive Member=Component Q6 STL130N6F7
Added Member To Class: ClassName=Gate Drive Member=Component R? 33.2k 1% 0603
Added Member To Class: ClassName=Gate Drive Member=Component R? 100kO 1% 0603
Added Member To Class: ClassName=Gate Drive Member=Component R? 1mO 1% 2W 0612
Added Member To Class: ClassName=Gate Drive Member=Component R? 10kO 5% 0603
Added Member To Class: ClassName=Gate Drive Member=Component R? 10kO 5% 0603
Added Member To Class: ClassName=Gate Drive Member=Component R? 1mO 1% 2W 0612
Added Member To Class: ClassName=Gate Drive Member=Component R? 10kO 0.1% 0603
Added Member To Class: ClassName=MCU Member=Component R? 0 O 0603
Added Member To Class: ClassName=MCU Member=Component R? 100 O 0603 1%
Added Member To Class: ClassName=MCU Member=Component R? AC0603JR-07330RL
Added Member To Class: ClassName=MCU Member=Component R? AC0603JR-07330RL
Added Member To Class: ClassName=MCU Member=Component R? 100 O 0603 1%
Added Member To Class: ClassName=MCU Member=Component R? 220 O 1% 0603
Added Member To Class: ClassName=Sensors Member=Component R? 1kO 5% 0603
Added Member To Class: ClassName=Sensors Member=Component R? RC0402FR-07100KL
Added Member To Class: ClassName=Sensors Member=Component R? RC0402FR-07100KL
Added Member To Class: ClassName=Sensors Member=Component R? 100kO 1% 0402
Added Member To Class: ClassName=Sensors Member=Component R? NTC 10kO 1% 0603
Added Member To Class: ClassName=Sensors Member=Component R? RK73B1ETTP332J
Added Member To Class: ClassName=Sensors Member=Component R? 2.2kO 1% 0603
Added Member To Class: ClassName=Sensors Member=Component R? 2.2kO 1% 0603
Added Member To Class: ClassName=Sensors Member=Component R? 10kO 1% 0603
Added Member To Class: ClassName=Sensors Member=Component R? 10kO 5% 0603
Added Member To Class: ClassName=Sensors Member=Component R? 2.2kO 1% 0603
Added Member To Class: ClassName=Sensors Member=Component R? RC0402FR-07100KL
Added Member To Class: ClassName=Sensors Member=Component R? 10kO 5% 0603
Added Member To Class: ClassName=Sensors Member=Component R? RK73B1ETTP332J
Added Member To Class: ClassName=Sensors Member=Component R? RC0402FR-07100KL
Added Member To Class: ClassName=Sensors Member=Component R? RC0402FR-07100KL
Added Member To Class: ClassName=Sensors Member=Component R? 10kO 1% 0603
Added Member To Class: ClassName=Sensors Member=Component R? 10kO 1% 0603
Added Member To Class: ClassName=Sensors Member=Component R? RC0402FR-07100KL
Added Member To Class: ClassName=USB Member=Component R? RN73R1ETTP5101F25
