Removed Member From Class: ClassName=CAN Member=R21
Removed Member From Class: ClassName=Sensors Member=R21
Removed Member From Class: ClassName=USB Member=R21
Change Footprint: Footprint Not Found WFCP06121L000FE66
Add component: Footprint Not Found CAPPRD500W65D1000H2200
Add component: Footprint Not Found SODFL3616X98N
Add component: Footprint Not Found SOT65P210X110-6N
Add component: Footprint Not Found INDPM6054X300N
Add component: Footprint Not Found WFCP06121L000FE66
Add component: Footprint Not Found WFCP06121L000FE66
Add Pin To Net: Unknown Pin: Pin C29-1
Add Pin To Net: Unknown Pin: Pin C29-2
Add Pin To Net: Unknown Pin: Pin D2-1
Add Pin To Net: Unknown Pin: Pin D2-2
Add Pin To Net: Unknown Pin: Pin IC1-2
Add Pin To Net: Unknown Pin: Pin IC1-3
Add Pin To Net: Unknown Pin: Pin IC1-4
Add Pin To Net: Unknown Pin: Pin IC1-5
Add Pin To Net: Unknown Pin: Pin IC1-6
Add Pin To Net: Unknown Pin: Pin L1-1
Add Pin To Net: Unknown Pin: Pin L1-2
Add Pin To Net: Unknown Pin: Pin R19-1
Add Pin To Net: Unknown Pin: Pin R19-2
Add Pin To Net: Unknown Pin: Pin R20-1
Add Pin To Net: Unknown Pin: Pin R20-2
Add Net: Net with name "CAN_RX" already exists
Add Net: Net with name "CAN_TX" already exists
Add Net: Net with name "NetD?_2" already exists
Add Net: Net with name "NetD?_2" already exists
Add Net: Net with name "PHASE A" already exists
Add Class Member: Failed to add class member : Component C29 470uF 20% 50V 10mm
Added Member To Class: ClassName=USB Member=Component C? C1608X5R1H105K080AB
Add Class Member: Failed to add class member : Component D2 NRVB120VLSFT1G
Added Member To Class: ClassName=Sensors Member=Component D? BAT30KFILM
Added Member To Class: ClassName=Sensors Member=Component D? BAT30KFILM
Added Member To Class: ClassName=Sensors Member=Component D? BAT30KFILM
Added Member To Class: ClassName=Sensors Member=Component D? BAT30KFILM
Added Member To Class: ClassName=Sensors Member=Component D? BAT30KFILM
Add Class Member: Failed to add class member : Component IC1 74LVC1G3157GW-Q10H
Add Class Member: Failed to add class member : Component L1 22uH 1.7A_sat
Add Class Member: Failed to add class member : Component R19 1mO 1% 2W 0612
Add Class Member: Failed to add class member : Component R20 1mO 1% 2W 0612
Added Member To Class: ClassName=CAN Member=Component R? 120 O 0.1% 0603
Added Member To Class: ClassName=Sensors Member=Component R? 10kO 1% 0603
Added Member To Class: ClassName=Sensors Member=Component R? RK73B1ETTP332J
Added Member To Class: ClassName=Sensors Member=Component R? RC0402FR-07100KL
Added Member To Class: ClassName=Sensors Member=Component R? 2.2kO 1% 0603
Added Member To Class: ClassName=Sensors Member=Component R? RC0402FR-07100KL
Added Member To Class: ClassName=Sensors Member=Component R? 2.2kO 1% 0603
Added Member To Class: ClassName=Sensors Member=Component R? RC0402FR-07100KL
Added Member To Class: ClassName=Sensors Member=Component R? RK73B1ETTP332J
Added Member To Class: ClassName=Sensors Member=Component R? RC0402FR-07100KL
Added Member To Class: ClassName=Sensors Member=Component R? RC0402FR-07100KL
Added Member To Class: ClassName=Sensors Member=Component R? 2.2kO 1% 0603
Added Member To Class: ClassName=Sensors Member=Component R? RK73B1ETTP332J
Added Member To Class: ClassName=Sensors Member=Component R? RC0402FR-07100KL
Added Member To Class: ClassName=Sensors Member=Component R? 10kO 1% 0603
Added Member To Class: ClassName=Sensors Member=Component R? 10kO 1% 0603
Added Member To Class: ClassName=USB Member=Component R? RN73R1ETTP5101F25
Added Member To Class: ClassName=USB Member=Component R? RN73R1ETTP5101F25
