Removed Pin From Net: NetName=SOA Pin=R6-2
Removed Pin From Net: NetName=PHASE_B Pin=R23-2
Removed Pin From Net: NetName=PHASE_C Pin=R24-2
Removed Pin From Net: NetName=SOA Pin=U2-24
Add component: Footprint Not Found CAPPRD500W65D1000H2200
Add Pin To Net: Unknown Pin: Pin C29-1
Add Pin To Net: Unknown Pin: Pin C29-2
Added Pin To Net: NetName=PHASE A Pin=R22-2
Added Pin To Net: NetName=PHASE B Pin=R23-2
Added Pin To Net: NetName=PHASE C Pin=R24-2
Added Pin To Net: NetName=PHASE A Pin=R?-1
Added Pin To Net: NetName=SOA Pin=U2-25
Add Net: Net with name "NetD?_2" already exists
Add Net: Net with name "NetD?_2" already exists
Add Net: Net with name "SOA" already exists
Add Class Member: Failed to add class member : Component C29 470uF 20% 50V 10mm
Added Member To Class: ClassName=Sensors Member=Component D? BAT30KFILM
Added Member To Class: ClassName=Sensors Member=Component D? BAT30KFILM
Added Member To Class: ClassName=Sensors Member=Component D? BAT30KFILM
Added Member To Class: ClassName=Sensors Member=Component D? BAT30KFILM
Added Member To Class: ClassName=Sensors Member=Component D? BAT30KFILM
Added Member To Class: ClassName=Sensors Member=Component R? 2.2kO 1% 0603
Added Member To Class: ClassName=Sensors Member=Component R? 10kO 1% 0603
Added Member To Class: ClassName=Sensors Member=Component R? 10kO 1% 0603
Added Member To Class: ClassName=Sensors Member=Component R? 10kO 1% 0603
Added Member To Class: ClassName=Sensors Member=Component R? 2.2kO 1% 0603
