Add component: Footprint Not Found CAPPRD500W65D1000H2200
Add component: Footprint Not Found SODFL3616X98N
Added Component: Designator=IC1(SOT65P210X110-6N)
Add component (AddParameter): Name = "Arrow Part Number"; Value = "74LVC1G3157GW-Q10H"; VariantName = "[No Variations]"
Add component (AddParameter): Name = "Arrow Price/Stock"; Value = "https://www.arrow.com/en/products/74lvc1g3157gw-q10h/nexperia?utm_currency=USD&region=nac"; VariantName = "[No Variations]"
Add component (AddParameter): Name = "Datasheet Link"; Value = "https://assets.nexperia.com/documents/data-sheet/74LVC1G3157_Q100.pdf"; VariantName = "[No Variations]"
Add component (AddParameter): Name = "Height"; Value = "1.1mm"; VariantName = "[No Variations]"
Add component (AddParameter): Name = "Manufacturer_Name"; Value = "Nexperia"; VariantName = "[No Variations]"
Add component (AddParameter): Name = "Manufacturer_Part_Number"; Value = "74LVC1G3157GW-Q10H"; VariantName = "[No Variations]"
Add component (AddParameter): Name = "Mouser Part Number"; Value = "771-74LVC1G3157GWQ10"; VariantName = "[No Variations]"
Add component (AddParameter): Name = "Mouser Price/Stock"; Value = "https://www.mouser.co.uk/ProductDetail/Nexperia/74LVC1G3157GW-Q10H?qs=5XOdhvmYM0OEi4hrMRn80A%3D%3D"; VariantName = "[No Variations]"
Add component: Footprint Not Found INDPM6054X300N
Add Pin To Net: Unknown Pin: Pin C29-1
Add Pin To Net: Unknown Pin: Pin C29-2
Add Pin To Net: Unknown Pin: Pin D2-1
Add Pin To Net: Unknown Pin: Pin D2-2
Added Pin To Net: NetName=CAN_P Pin=IC1-1
Added Pin To Net: NetName=AGND Pin=IC1-2
Added Pin To Net: NetName=CAN Term. Pin=IC1-4
Added Pin To Net: NetName=+3V3 Pin=IC1-5
Added Pin To Net: NetName=CAN Mode   Pin=IC1-6
Add Pin To Net: Unknown Pin: Pin L1-1
Add Pin To Net: Unknown Pin: Pin L1-2
Add Net: Net with name "NetD?_2" already exists
Add Net: Net with name "NetD?_2" already exists
Add Net: Net with name "PHASE A" already exists
Add Class Member: Failed to add class member : Component C29 470uF 20% 50V 10mm
Added Member To Class: ClassName=USB Member=Component C? C1608X5R1H105K080AB
Add Class Member: Failed to add class member : Component D2 NRVB120VLSFT1G
Added Member To Class: ClassName=Sensors Member=Component D? BAT30KFILM
Added Member To Class: ClassName=Sensors Member=Component D? BAT30KFILM
Added Member To Class: ClassName=Sensors Member=Component D? BAT30KFILM
Added Member To Class: ClassName=Sensors Member=Component D? BAT30KFILM
Added Member To Class: ClassName=Sensors Member=Component D? BAT30KFILM
Added Member To Class: ClassName=CAN Member=Component IC1 74LVC1G3157GW-Q10H
Add Class Member: Failed to add class member : Component L1 22uH 1.7A_sat
Added Member To Class: ClassName=MCU Member=Component R? 0 O 0603
Added Member To Class: ClassName=Sensors Member=Component R? 2.2kO 1% 0603
Added Member To Class: ClassName=Sensors Member=Component R? 10kO 1% 0603
Added Member To Class: ClassName=Sensors Member=Component R? 10kO 1% 0603
Added Member To Class: ClassName=Sensors Member=Component R? 2.2kO 1% 0603
Added Member To Class: ClassName=Sensors Member=Component R? 10kO 1% 0603
Added Member To Class: ClassName=Sensors Member=Component R? 2.2kO 1% 0603
Added Member To Class: ClassName=USB Member=Component R? RN73R1ETTP5101F25
Added Member To Class: ClassName=USB Member=Component R? RN73R1ETTP5101F25
