Removed Member From Class: ClassName=Sensors Member=D4
Removed Member From Class: ClassName=MCU Member=R33
Removed Member From Class: ClassName=Sensors Member=R33
Add component: Footprint Not Found CAPPRD500W65D1000H2200
Added Component: Designator=D2(FP-477AD-MFG)
Add component (AddParameter): Name = "Capacitance"; Value = "43pF"; VariantName = "[No Variations]"
Add component (AddParameter): Name = "Forward Current"; Value = "1A"; VariantName = "[No Variations]"
Add component (AddParameter): Name = "Height"; Value = "750µm"; VariantName = "[No Variations]"
Add component (AddParameter): Name = "Lifecycle Status"; Value = "Production"; VariantName = "[No Variations]"
Add component (AddParameter): Name = "Manufacturer Lifecycle Status"; Value = "ACTIVE"; VariantName = "[No Variations]"
Add component (AddParameter): Name = "Max Forward Surge Current (Ifsm)"; Value = "25A"; VariantName = "[No Variations]"
Add component (AddParameter): Name = "Max Junction Temperature (Tj)"; Value = "150°C"; VariantName = "[No Variations]"
Add component (AddParameter): Name = "Max Operating Temperature"; Value = "150°C"; VariantName = "[No Variations]"
Add component (AddParameter): Name = "Max Repetitive Reverse Voltage (Vrrm)"; Value = "60V"; VariantName = "[No Variations]"
Add component (AddParameter): Name = "Min Operating Temperature"; Value = "-55°C"; VariantName = "[No Variations]"
Add component (AddParameter): Name = "NexarPartId"; Value = "93203857"; VariantName = "[No Variations]"
Add component (AddParameter): Name = "Peak Reverse Current"; Value = "2µA"; VariantName = "[No Variations]"
Add component (AddParameter): Name = "Reverse Voltage"; Value = "60V"; VariantName = "[No Variations]"
Add component (AddParameter): Name = "RoHS"; Value = "Compliant"; VariantName = "[No Variations]"
Added Component: Designator=L1(FP-LQH5BPN_38-MFG)
Add Pin To Net: Unknown Pin: Pin C29-1
Add Pin To Net: Unknown Pin: Pin C29-2
Added Pin To Net: NetName=+5V Pin=D2-1
Added Pin To Net: NetName=NetD2_2 Pin=D2-2
Added Pin To Net: NetName=NetC16_2 Pin=L1-1
Added Pin To Net: NetName=+3V3 Pin=L1-2
Add Net: Net with name "NetD?_2" already exists
Add Net: Net with name "NetD?_2" already exists
Add Net: Net with name "PHASE A" already exists
Add Net: Net with name "SOA" already exists
Add Class Member: Failed to add class member : Component C29 470uF 20% 50V 10mm
Added Member To Class: ClassName=USB Member=Component C31 C1608X5R1H105K080AB
Added Member To Class: ClassName=CAN Member=Component D2 NRVBSS16HE
Added Member To Class: ClassName=Sensors Member=Component D? BAT30KFILM
Added Member To Class: ClassName=Sensors Member=Component D? BAT30KFILM
Added Member To Class: ClassName=Sensors Member=Component D? BAT30KFILM
Added Member To Class: ClassName=Sensors Member=Component D? BAT30KFILM
Added Member To Class: ClassName=Sensors Member=Component D? BAT30KFILM
Added Member To Class: ClassName=Sensors Member=Component D? BAT30KFILM
Added Member To Class: ClassName=Gate Drive Member=Component L1 22µH 1500mA 2020
Added Member To Class: ClassName=MCU Member=Component R? 0 O 0603
Added Member To Class: ClassName=Sensors Member=Component R? 10kO 1% 0603
Added Member To Class: ClassName=Sensors Member=Component R? 10kO 1% 0603
Added Member To Class: ClassName=Sensors Member=Component R? 2.2kO 1% 0603
Added Member To Class: ClassName=Sensors Member=Component R? 10kO 1% 0603
Added Member To Class: ClassName=Sensors Member=Component R? 2.2kO 1% 0603
Added Member To Class: ClassName=Sensors Member=Component R? 2.2kO 1% 0603
