Removed Pin From Net: NetName=SOA Pin=U2-25
Removed Member From Class: ClassName=USB Member=D?
Change Component Designator: OldDesignator=C? NewDesignator=C30
Change Component Designator: OldDesignator=C? NewDesignator=C31
Change Component Designator: OldDesignator=D? NewDesignator=D4
Change Component Designator: OldDesignator=R? NewDesignator=R32
Change Component Designator: OldDesignator=R? NewDesignator=R33
Add component: Footprint Not Found CAPPRD500W65D1000H2200
Add component: Footprint Not Found SODFL3616X98N
Added Component: Designator=D5(ONSC-SOD-123-2-425-04_V)
Add component (AddParameter): Name = "ComponentLink1Description"; Value = "Manufacturer URL"; VariantName = "[No Variations]"
Add component (AddParameter): Name = "ComponentLink1URL"; Value = "http://www.onsemi.com/"; VariantName = "[No Variations]"
Add component (AddParameter): Name = "ComponentLink2Description"; Value = "Datasheet"; VariantName = "[No Variations]"
Add component (AddParameter): Name = "ComponentLink2URL"; Value = "http://www.onsemi.com/pub_link/Collateral/MMSZ4678T1-D.PDF"; VariantName = "[No Variations]"
Add component (AddParameter): Name = "ComponentLink3Description"; Value = "Package Specification"; VariantName = "[No Variations]"
Add component (AddParameter): Name = "ComponentLink3URL"; Value = "http://www.onsemi.com/pub_link/Collateral/425-04.PDF"; VariantName = "[No Variations]"
Add component (AddParameter): Name = "DatasheetVersion"; Value = "Rev. 9"; VariantName = "[No Variations]"
Add component (AddParameter): Name = "Manufacturer"; Value = "On Semiconductor"; VariantName = "[No Variations]"
Add component (AddParameter): Name = "Mounting Technology"; Value = "Surface Mount"; VariantName = "[No Variations]"
Add component (AddParameter): Name = "P Max (W)"; Value = "0.5"; VariantName = "[No Variations]"
Add component (AddParameter): Name = "PackageDescription"; Value = "2-Pin SOD, Body 1.6 x 2.69 mm"; VariantName = "[No Variations]"
Add component (AddParameter): Name = "PackageReference"; Value = "SOD-123-2-425-04"; VariantName = "[No Variations]"
Add component (AddParameter): Name = "PackageVersion"; Value = "Rev. G, 10/2009"; VariantName = "[No Variations]"
Add component (AddParameter): Name = "Packing"; Value = "Tape and Reel"; VariantName = "[No Variations]"
Add component (AddParameter): Name = "PartNumber"; Value = "MMSZ4685T1G"; VariantName = "[No Variations]"
Add component (AddParameter): Name = "RoHS"; Value = "Pb-Free"; VariantName = "[No Variations]"
Add component (AddParameter): Name = "VZ Typ (V)"; Value = "3.6"; VariantName = "[No Variations]"
Add component: Footprint Not Found INDPM6054X300N
Add Pin To Net: Unknown Pin: Pin C29-1
Add Pin To Net: Unknown Pin: Pin C29-2
Add Pin To Net: Unknown Pin: Pin D2-1
Add Pin To Net: Unknown Pin: Pin D2-2
Added Pin To Net: NetName=+3V3 Pin=D5-1
Added Pin To Net: NetName=AGND Pin=D5-2
Add Pin To Net: Unknown Pin: Pin L1-1
Add Pin To Net: Unknown Pin: Pin L1-2
Added Pin To Net: NetName=SOA Pin=R7-2
Added Pin To Net: NetName=SOA Pin=U2-24
Change Net Name : Old Net Name=NetC?_2 New Net Name=NetC30_2
Add Net: Net with name "NetD?_2" already exists
Add Net: Net with name "NetD?_2" already exists
Add Net: Net with name "PHASE A" already exists
Add Net: Net with name "SOA" already exists
Add Class Member: Failed to add class member : Component C29 470uF 20% 50V 10mm
Added Member To Class: ClassName=USB Member=Component C30 C1608X5R1H105K080AB
Add Class Member: Failed to add class member : Component D2 NRVB120VLSFT1G
Added Member To Class: ClassName=USB Member=Component D4 PESD3V3Y1BSFYL
Added Member To Class: ClassName=MCU Member=Component D5 MMSZ4685T1G
Added Member To Class: ClassName=Sensors Member=Component D? BAT30KFILM
Added Member To Class: ClassName=Sensors Member=Component D? BAT30KFILM
Added Member To Class: ClassName=Sensors Member=Component D? BAT30KFILM
Added Member To Class: ClassName=Sensors Member=Component D? BAT30KFILM
Added Member To Class: ClassName=Sensors Member=Component D? BAT30KFILM
Add Class Member: Failed to add class member : Component L1 22uH 1.7A_sat
Added Member To Class: ClassName=USB Member=Component R32 RN73R1ETTP5101F25
Added Member To Class: ClassName=USB Member=Component R33 RN73R1ETTP5101F25
Added Member To Class: ClassName=MCU Member=Component R? 0 O 0603
Added Member To Class: ClassName=Sensors Member=Component R? 10kO 1% 0603
Added Member To Class: ClassName=Sensors Member=Component R? 10kO 1% 0603
Added Member To Class: ClassName=Sensors Member=Component R? 2.2kO 1% 0603
Added Member To Class: ClassName=Sensors Member=Component R? 2.2kO 1% 0603
Added Member To Class: ClassName=Sensors Member=Component R? 10kO 1% 0603
Added Member To Class: ClassName=Sensors Member=Component R? 2.2kO 1% 0603
